Archive member included to satisfy reference by file (symbol)

/usr/local/Cellar/avr-gcc@9/9.3.0_2/lib/avr-gcc/9/gcc/avr/9.3.0/avr5/libgcc.a(_exit.o)
                              /usr/local/Cellar/avr-gcc@9/9.3.0_2/lib/avr-gcc/9/gcc/avr/9.3.0/../../../../../../avr/lib/avr5/crtatmega32.o (exit)
/usr/local/Cellar/avr-gcc@9/9.3.0_2/lib/avr-gcc/9/gcc/avr/9.3.0/avr5/libgcc.a(_tablejump2.o)
                              ./main.o (__tablejump2__)
/usr/local/Cellar/avr-gcc@9/9.3.0_2/lib/avr-gcc/9/gcc/avr/9.3.0/avr5/libgcc.a(_copy_data.o)
                              ./main.o (__do_copy_data)
/usr/local/Cellar/avr-gcc@9/9.3.0_2/lib/avr-gcc/9/gcc/avr/9.3.0/avr5/libgcc.a(_clear_bss.o)
                              ./main.o (__do_clear_bss)
/usr/local/Cellar/avr-gcc@9/9.3.0_2/lib/avr-gcc/9/gcc/avr/9.3.0/../../../../../../avr/lib/avr5/libc.a(strcpy.o)
                              ./main.o (strcpy)
/usr/local/Cellar/avr-gcc@9/9.3.0_2/lib/avr-gcc/9/gcc/avr/9.3.0/../../../../../../avr/lib/avr5/libc.a(sprintf.o)
                              ./main.o (sprintf)
/usr/local/Cellar/avr-gcc@9/9.3.0_2/lib/avr-gcc/9/gcc/avr/9.3.0/../../../../../../avr/lib/avr5/libc.a(vfprintf_std.o)
                              /usr/local/Cellar/avr-gcc@9/9.3.0_2/lib/avr-gcc/9/gcc/avr/9.3.0/../../../../../../avr/lib/avr5/libc.a(sprintf.o) (vfprintf)
/usr/local/Cellar/avr-gcc@9/9.3.0_2/lib/avr-gcc/9/gcc/avr/9.3.0/../../../../../../avr/lib/avr5/libc.a(strnlen_P.o)
                              /usr/local/Cellar/avr-gcc@9/9.3.0_2/lib/avr-gcc/9/gcc/avr/9.3.0/../../../../../../avr/lib/avr5/libc.a(vfprintf_std.o) (strnlen_P)
/usr/local/Cellar/avr-gcc@9/9.3.0_2/lib/avr-gcc/9/gcc/avr/9.3.0/../../../../../../avr/lib/avr5/libc.a(strnlen.o)
                              /usr/local/Cellar/avr-gcc@9/9.3.0_2/lib/avr-gcc/9/gcc/avr/9.3.0/../../../../../../avr/lib/avr5/libc.a(vfprintf_std.o) (strnlen)
/usr/local/Cellar/avr-gcc@9/9.3.0_2/lib/avr-gcc/9/gcc/avr/9.3.0/../../../../../../avr/lib/avr5/libc.a(fputc.o)
                              /usr/local/Cellar/avr-gcc@9/9.3.0_2/lib/avr-gcc/9/gcc/avr/9.3.0/../../../../../../avr/lib/avr5/libc.a(vfprintf_std.o) (fputc)
/usr/local/Cellar/avr-gcc@9/9.3.0_2/lib/avr-gcc/9/gcc/avr/9.3.0/../../../../../../avr/lib/avr5/libc.a(ultoa_invert.o)
                              /usr/local/Cellar/avr-gcc@9/9.3.0_2/lib/avr-gcc/9/gcc/avr/9.3.0/../../../../../../avr/lib/avr5/libc.a(vfprintf_std.o) (__ultoa_invert)
/usr/local/Cellar/avr-gcc@9/9.3.0_2/lib/avr-gcc/9/gcc/avr/9.3.0/avr5/libgcc.a(_prologue.o)
                              /usr/local/Cellar/avr-gcc@9/9.3.0_2/lib/avr-gcc/9/gcc/avr/9.3.0/../../../../../../avr/lib/avr5/libc.a(sprintf.o) (__prologue_saves__)
/usr/local/Cellar/avr-gcc@9/9.3.0_2/lib/avr-gcc/9/gcc/avr/9.3.0/avr5/libgcc.a(_epilogue.o)
                              /usr/local/Cellar/avr-gcc@9/9.3.0_2/lib/avr-gcc/9/gcc/avr/9.3.0/../../../../../../avr/lib/avr5/libc.a(sprintf.o) (__epilogue_restores__)

Allocating common symbols
Common symbol       size              file

buff                0x8               ./main.o

Memory Configuration

Name             Origin             Length             Attributes
text             0x0000000000000000 0x0000000000020000 xr
data             0x0000000000800060 0x000000000000ffa0 rw !x
eeprom           0x0000000000810000 0x0000000000010000 rw !x
fuse             0x0000000000820000 0x0000000000000400 rw !x
lock             0x0000000000830000 0x0000000000000400 rw !x
signature        0x0000000000840000 0x0000000000000400 rw !x
user_signatures  0x0000000000850000 0x0000000000000400 rw !x
*default*        0x0000000000000000 0xffffffffffffffff

Linker script and memory map

LOAD /usr/local/Cellar/avr-gcc@9/9.3.0_2/lib/avr-gcc/9/gcc/avr/9.3.0/../../../../../../avr/lib/avr5/crtatmega32.o
LOAD ./main.o
START GROUP
LOAD /usr/local/Cellar/avr-gcc@9/9.3.0_2/lib/avr-gcc/9/gcc/avr/9.3.0/avr5/libgcc.a
LOAD /usr/local/Cellar/avr-gcc@9/9.3.0_2/lib/avr-gcc/9/gcc/avr/9.3.0/../../../../../../avr/lib/avr5/libm.a
LOAD /usr/local/Cellar/avr-gcc@9/9.3.0_2/lib/avr-gcc/9/gcc/avr/9.3.0/../../../../../../avr/lib/avr5/libc.a
LOAD /usr/local/Cellar/avr-gcc@9/9.3.0_2/lib/avr-gcc/9/gcc/avr/9.3.0/../../../../../../avr/lib/avr5/libatmega32.a
END GROUP
                0x0000000000020000                __TEXT_REGION_LENGTH__ = DEFINED (__TEXT_REGION_LENGTH__)?__TEXT_REGION_LENGTH__:0x20000
                0x000000000000ffa0                __DATA_REGION_LENGTH__ = DEFINED (__DATA_REGION_LENGTH__)?__DATA_REGION_LENGTH__:0xffa0
                0x0000000000010000                __EEPROM_REGION_LENGTH__ = DEFINED (__EEPROM_REGION_LENGTH__)?__EEPROM_REGION_LENGTH__:0x10000
                0x0000000000000400                __FUSE_REGION_LENGTH__ = DEFINED (__FUSE_REGION_LENGTH__)?__FUSE_REGION_LENGTH__:0x400
                0x0000000000000400                __LOCK_REGION_LENGTH__ = DEFINED (__LOCK_REGION_LENGTH__)?__LOCK_REGION_LENGTH__:0x400
                0x0000000000000400                __SIGNATURE_REGION_LENGTH__ = DEFINED (__SIGNATURE_REGION_LENGTH__)?__SIGNATURE_REGION_LENGTH__:0x400
                0x0000000000000400                __USER_SIGNATURE_REGION_LENGTH__ = DEFINED (__USER_SIGNATURE_REGION_LENGTH__)?__USER_SIGNATURE_REGION_LENGTH__:0x400

.hash
 *(.hash)

.dynsym
 *(.dynsym)

.dynstr
 *(.dynstr)

.gnu.version
 *(.gnu.version)

.gnu.version_d
 *(.gnu.version_d)

.gnu.version_r
 *(.gnu.version_r)

.rel.init
 *(.rel.init)

.rela.init
 *(.rela.init)

.rel.text
 *(.rel.text)
 *(.rel.text.*)
 *(.rel.gnu.linkonce.t*)

.rela.text
 *(.rela.text)
 *(.rela.text.*)
 *(.rela.gnu.linkonce.t*)

.rel.fini
 *(.rel.fini)

.rela.fini
 *(.rela.fini)

.rel.rodata
 *(.rel.rodata)
 *(.rel.rodata.*)
 *(.rel.gnu.linkonce.r*)

.rela.rodata
 *(.rela.rodata)
 *(.rela.rodata.*)
 *(.rela.gnu.linkonce.r*)

.rel.data
 *(.rel.data)
 *(.rel.data.*)
 *(.rel.gnu.linkonce.d*)

.rela.data
 *(.rela.data)
 *(.rela.data.*)
 *(.rela.gnu.linkonce.d*)

.rel.ctors
 *(.rel.ctors)

.rela.ctors
 *(.rela.ctors)

.rel.dtors
 *(.rel.dtors)

.rela.dtors
 *(.rela.dtors)

.rel.got
 *(.rel.got)

.rela.got
 *(.rela.got)

.rel.bss
 *(.rel.bss)

.rela.bss
 *(.rela.bss)

.rel.plt
 *(.rel.plt)

.rela.plt
 *(.rela.plt)

.text           0x0000000000000000      0xb7c
 *(.vectors)
 .vectors       0x0000000000000000       0x54 /usr/local/Cellar/avr-gcc@9/9.3.0_2/lib/avr-gcc/9/gcc/avr/9.3.0/../../../../../../avr/lib/avr5/crtatmega32.o
                0x0000000000000000                __vectors
                0x0000000000000000                __vector_default
 *(.vectors)
 *(.progmem.gcc*)
                0x0000000000000054                . = ALIGN (0x2)
                0x0000000000000054                __trampolines_start = .
 *(.trampolines)
 .trampolines   0x0000000000000054        0x0 linker stubs
 *(.trampolines*)
                0x0000000000000054                __trampolines_end = .
 *libprintf_flt.a:*(.progmem.data)
 *libc.a:*(.progmem.data)
 *(.progmem.*)
                0x0000000000000054                . = ALIGN (0x2)
 *(.lowtext)
 *(.lowtext*)
                0x0000000000000054                __ctors_start = .
 *(.ctors)
                0x0000000000000054                __ctors_end = .
                0x0000000000000054                __dtors_start = .
 *(.dtors)
                0x0000000000000054                __dtors_end = .
 SORT_BY_NAME(*)(.ctors)
 SORT_BY_NAME(*)(.dtors)
 *(.init0)
 .init0         0x0000000000000054        0x0 /usr/local/Cellar/avr-gcc@9/9.3.0_2/lib/avr-gcc/9/gcc/avr/9.3.0/../../../../../../avr/lib/avr5/crtatmega32.o
                0x0000000000000054                __init
 *(.init0)
 *(.init1)
 *(.init1)
 *(.init2)
 .init2         0x0000000000000054        0xc /usr/local/Cellar/avr-gcc@9/9.3.0_2/lib/avr-gcc/9/gcc/avr/9.3.0/../../../../../../avr/lib/avr5/crtatmega32.o
 *(.init2)
 *(.init3)
 *(.init3)
 *(.init4)
 .init4         0x0000000000000060       0x16 /usr/local/Cellar/avr-gcc@9/9.3.0_2/lib/avr-gcc/9/gcc/avr/9.3.0/avr5/libgcc.a(_copy_data.o)
                0x0000000000000060                __do_copy_data
 .init4         0x0000000000000076       0x10 /usr/local/Cellar/avr-gcc@9/9.3.0_2/lib/avr-gcc/9/gcc/avr/9.3.0/avr5/libgcc.a(_clear_bss.o)
                0x0000000000000076                __do_clear_bss
 *(.init4)
 *(.init5)
 *(.init5)
 *(.init6)
 *(.init6)
 *(.init7)
 *(.init7)
 *(.init8)
 *(.init8)
 *(.init9)
 .init9         0x0000000000000086        0x8 /usr/local/Cellar/avr-gcc@9/9.3.0_2/lib/avr-gcc/9/gcc/avr/9.3.0/../../../../../../avr/lib/avr5/crtatmega32.o
 *(.init9)
 *(.text)
 .text          0x000000000000008e        0x4 /usr/local/Cellar/avr-gcc@9/9.3.0_2/lib/avr-gcc/9/gcc/avr/9.3.0/../../../../../../avr/lib/avr5/crtatmega32.o
                0x000000000000008e                __vector_20
                0x000000000000008e                __vector_12
                0x000000000000008e                __bad_interrupt
                0x000000000000008e                __vector_6
                0x000000000000008e                __vector_3
                0x000000000000008e                __vector_11
                0x000000000000008e                __vector_13
                0x000000000000008e                __vector_17
                0x000000000000008e                __vector_19
                0x000000000000008e                __vector_7
                0x000000000000008e                __vector_5
                0x000000000000008e                __vector_4
                0x000000000000008e                __vector_9
                0x000000000000008e                __vector_2
                0x000000000000008e                __vector_15
                0x000000000000008e                __vector_8
                0x000000000000008e                __vector_14
                0x000000000000008e                __vector_10
                0x000000000000008e                __vector_16
                0x000000000000008e                __vector_18
                0x000000000000008e                __vector_1
 .text          0x0000000000000092        0x0 ./main.o
 .text          0x0000000000000092        0x0 /usr/local/Cellar/avr-gcc@9/9.3.0_2/lib/avr-gcc/9/gcc/avr/9.3.0/avr5/libgcc.a(_exit.o)
 .text          0x0000000000000092        0x0 /usr/local/Cellar/avr-gcc@9/9.3.0_2/lib/avr-gcc/9/gcc/avr/9.3.0/avr5/libgcc.a(_tablejump2.o)
 .text          0x0000000000000092        0x0 /usr/local/Cellar/avr-gcc@9/9.3.0_2/lib/avr-gcc/9/gcc/avr/9.3.0/avr5/libgcc.a(_copy_data.o)
 .text          0x0000000000000092        0x0 /usr/local/Cellar/avr-gcc@9/9.3.0_2/lib/avr-gcc/9/gcc/avr/9.3.0/avr5/libgcc.a(_clear_bss.o)
 .text          0x0000000000000092        0x0 /usr/local/Cellar/avr-gcc@9/9.3.0_2/lib/avr-gcc/9/gcc/avr/9.3.0/../../../../../../avr/lib/avr5/libc.a(strcpy.o)
 .text          0x0000000000000092        0x0 /usr/local/Cellar/avr-gcc@9/9.3.0_2/lib/avr-gcc/9/gcc/avr/9.3.0/../../../../../../avr/lib/avr5/libc.a(sprintf.o)
 .text          0x0000000000000092        0x0 /usr/local/Cellar/avr-gcc@9/9.3.0_2/lib/avr-gcc/9/gcc/avr/9.3.0/../../../../../../avr/lib/avr5/libc.a(vfprintf_std.o)
 .text          0x0000000000000092        0x0 /usr/local/Cellar/avr-gcc@9/9.3.0_2/lib/avr-gcc/9/gcc/avr/9.3.0/../../../../../../avr/lib/avr5/libc.a(strnlen_P.o)
 .text          0x0000000000000092        0x0 /usr/local/Cellar/avr-gcc@9/9.3.0_2/lib/avr-gcc/9/gcc/avr/9.3.0/../../../../../../avr/lib/avr5/libc.a(strnlen.o)
 .text          0x0000000000000092        0x0 /usr/local/Cellar/avr-gcc@9/9.3.0_2/lib/avr-gcc/9/gcc/avr/9.3.0/../../../../../../avr/lib/avr5/libc.a(fputc.o)
 .text          0x0000000000000092        0x0 /usr/local/Cellar/avr-gcc@9/9.3.0_2/lib/avr-gcc/9/gcc/avr/9.3.0/../../../../../../avr/lib/avr5/libc.a(ultoa_invert.o)
 .text          0x0000000000000092        0x0 /usr/local/Cellar/avr-gcc@9/9.3.0_2/lib/avr-gcc/9/gcc/avr/9.3.0/avr5/libgcc.a(_prologue.o)
 .text          0x0000000000000092        0x0 /usr/local/Cellar/avr-gcc@9/9.3.0_2/lib/avr-gcc/9/gcc/avr/9.3.0/avr5/libgcc.a(_epilogue.o)
                0x0000000000000092                . = ALIGN (0x2)
 *(.text.*)
 .text.reset_cc
                0x0000000000000092       0x2e ./main.o
                0x0000000000000092                reset_cc
 .text.get_time
                0x00000000000000c0       0x5c ./main.o
                0x00000000000000c0                get_time
 .text.set_time
                0x000000000000011c       0xb8 ./main.o
                0x000000000000011c                set_time
 .text.zadanie_3
                0x00000000000001d4       0x40 ./main.o
                0x00000000000001d4                zadanie_3
 .text.get_matrix_button_number
                0x0000000000000214       0x56 ./main.o
                0x0000000000000214                get_matrix_button_number
 .text.convert  0x000000000000026a       0x46 ./main.o
                0x000000000000026a                convert
 .text.zadanie_4
                0x00000000000002b0       0x46 ./main.o
                0x00000000000002b0                zadanie_4
 .text.add_to_number
                0x00000000000002f6       0x62 ./main.o
                0x00000000000002f6                add_to_number
 .text.set_sth  0x0000000000000358       0x8c ./main.o
                0x0000000000000358                set_sth
 .text.get_operation_symbol
                0x00000000000003e4       0x1c ./main.o
                0x00000000000003e4                get_operation_symbol
 .text.plot     0x0000000000000400       0x9c ./main.o
                0x0000000000000400                plot
 .text.make_operation
                0x000000000000049c       0x9c ./main.o
                0x000000000000049c                make_operation
 .text.zadanie_5
                0x0000000000000538       0x4e ./main.o
                0x0000000000000538                zadanie_5
 .text.startup.main
                0x0000000000000586        0xc ./main.o
                0x0000000000000586                main
 .text.libgcc.mul
                0x0000000000000592        0x0 /usr/local/Cellar/avr-gcc@9/9.3.0_2/lib/avr-gcc/9/gcc/avr/9.3.0/avr5/libgcc.a(_exit.o)
 .text.libgcc.div
                0x0000000000000592        0x0 /usr/local/Cellar/avr-gcc@9/9.3.0_2/lib/avr-gcc/9/gcc/avr/9.3.0/avr5/libgcc.a(_exit.o)
 .text.libgcc   0x0000000000000592        0x0 /usr/local/Cellar/avr-gcc@9/9.3.0_2/lib/avr-gcc/9/gcc/avr/9.3.0/avr5/libgcc.a(_exit.o)
 .text.libgcc.prologue
                0x0000000000000592        0x0 /usr/local/Cellar/avr-gcc@9/9.3.0_2/lib/avr-gcc/9/gcc/avr/9.3.0/avr5/libgcc.a(_exit.o)
 .text.libgcc.builtins
                0x0000000000000592        0x0 /usr/local/Cellar/avr-gcc@9/9.3.0_2/lib/avr-gcc/9/gcc/avr/9.3.0/avr5/libgcc.a(_exit.o)
 .text.libgcc.fmul
                0x0000000000000592        0x0 /usr/local/Cellar/avr-gcc@9/9.3.0_2/lib/avr-gcc/9/gcc/avr/9.3.0/avr5/libgcc.a(_exit.o)
 .text.libgcc.fixed
                0x0000000000000592        0x0 /usr/local/Cellar/avr-gcc@9/9.3.0_2/lib/avr-gcc/9/gcc/avr/9.3.0/avr5/libgcc.a(_exit.o)
 .text.libgcc.mul
                0x0000000000000592        0x0 /usr/local/Cellar/avr-gcc@9/9.3.0_2/lib/avr-gcc/9/gcc/avr/9.3.0/avr5/libgcc.a(_tablejump2.o)
 .text.libgcc.div
                0x0000000000000592        0x0 /usr/local/Cellar/avr-gcc@9/9.3.0_2/lib/avr-gcc/9/gcc/avr/9.3.0/avr5/libgcc.a(_tablejump2.o)
 .text.libgcc   0x0000000000000592        0xc /usr/local/Cellar/avr-gcc@9/9.3.0_2/lib/avr-gcc/9/gcc/avr/9.3.0/avr5/libgcc.a(_tablejump2.o)
                0x0000000000000592                __tablejump2__
 .text.libgcc.prologue
                0x000000000000059e        0x0 /usr/local/Cellar/avr-gcc@9/9.3.0_2/lib/avr-gcc/9/gcc/avr/9.3.0/avr5/libgcc.a(_tablejump2.o)
 .text.libgcc.builtins
                0x000000000000059e        0x0 /usr/local/Cellar/avr-gcc@9/9.3.0_2/lib/avr-gcc/9/gcc/avr/9.3.0/avr5/libgcc.a(_tablejump2.o)
 .text.libgcc.fmul
                0x000000000000059e        0x0 /usr/local/Cellar/avr-gcc@9/9.3.0_2/lib/avr-gcc/9/gcc/avr/9.3.0/avr5/libgcc.a(_tablejump2.o)
 .text.libgcc.fixed
                0x000000000000059e        0x0 /usr/local/Cellar/avr-gcc@9/9.3.0_2/lib/avr-gcc/9/gcc/avr/9.3.0/avr5/libgcc.a(_tablejump2.o)
 .text.libgcc.mul
                0x000000000000059e        0x0 /usr/local/Cellar/avr-gcc@9/9.3.0_2/lib/avr-gcc/9/gcc/avr/9.3.0/avr5/libgcc.a(_copy_data.o)
 .text.libgcc.div
                0x000000000000059e        0x0 /usr/local/Cellar/avr-gcc@9/9.3.0_2/lib/avr-gcc/9/gcc/avr/9.3.0/avr5/libgcc.a(_copy_data.o)
 .text.libgcc   0x000000000000059e        0x0 /usr/local/Cellar/avr-gcc@9/9.3.0_2/lib/avr-gcc/9/gcc/avr/9.3.0/avr5/libgcc.a(_copy_data.o)
 .text.libgcc.prologue
                0x000000000000059e        0x0 /usr/local/Cellar/avr-gcc@9/9.3.0_2/lib/avr-gcc/9/gcc/avr/9.3.0/avr5/libgcc.a(_copy_data.o)
 .text.libgcc.builtins
                0x000000000000059e        0x0 /usr/local/Cellar/avr-gcc@9/9.3.0_2/lib/avr-gcc/9/gcc/avr/9.3.0/avr5/libgcc.a(_copy_data.o)
 .text.libgcc.fmul
                0x000000000000059e        0x0 /usr/local/Cellar/avr-gcc@9/9.3.0_2/lib/avr-gcc/9/gcc/avr/9.3.0/avr5/libgcc.a(_copy_data.o)
 .text.libgcc.fixed
                0x000000000000059e        0x0 /usr/local/Cellar/avr-gcc@9/9.3.0_2/lib/avr-gcc/9/gcc/avr/9.3.0/avr5/libgcc.a(_copy_data.o)
 .text.libgcc.mul
                0x000000000000059e        0x0 /usr/local/Cellar/avr-gcc@9/9.3.0_2/lib/avr-gcc/9/gcc/avr/9.3.0/avr5/libgcc.a(_clear_bss.o)
 .text.libgcc.div
                0x000000000000059e        0x0 /usr/local/Cellar/avr-gcc@9/9.3.0_2/lib/avr-gcc/9/gcc/avr/9.3.0/avr5/libgcc.a(_clear_bss.o)
 .text.libgcc   0x000000000000059e        0x0 /usr/local/Cellar/avr-gcc@9/9.3.0_2/lib/avr-gcc/9/gcc/avr/9.3.0/avr5/libgcc.a(_clear_bss.o)
 .text.libgcc.prologue
                0x000000000000059e        0x0 /usr/local/Cellar/avr-gcc@9/9.3.0_2/lib/avr-gcc/9/gcc/avr/9.3.0/avr5/libgcc.a(_clear_bss.o)
 .text.libgcc.builtins
                0x000000000000059e        0x0 /usr/local/Cellar/avr-gcc@9/9.3.0_2/lib/avr-gcc/9/gcc/avr/9.3.0/avr5/libgcc.a(_clear_bss.o)
 .text.libgcc.fmul
                0x000000000000059e        0x0 /usr/local/Cellar/avr-gcc@9/9.3.0_2/lib/avr-gcc/9/gcc/avr/9.3.0/avr5/libgcc.a(_clear_bss.o)
 .text.libgcc.fixed
                0x000000000000059e        0x0 /usr/local/Cellar/avr-gcc@9/9.3.0_2/lib/avr-gcc/9/gcc/avr/9.3.0/avr5/libgcc.a(_clear_bss.o)
 .text.avr-libc
                0x000000000000059e        0xe /usr/local/Cellar/avr-gcc@9/9.3.0_2/lib/avr-gcc/9/gcc/avr/9.3.0/../../../../../../avr/lib/avr5/libc.a(strcpy.o)
                0x000000000000059e                strcpy
 .text.avr-libc
                0x00000000000005ac       0x46 /usr/local/Cellar/avr-gcc@9/9.3.0_2/lib/avr-gcc/9/gcc/avr/9.3.0/../../../../../../avr/lib/avr5/libc.a(sprintf.o)
                0x00000000000005ac                sprintf
 .text.avr-libc
                0x00000000000005f2      0x3b0 /usr/local/Cellar/avr-gcc@9/9.3.0_2/lib/avr-gcc/9/gcc/avr/9.3.0/../../../../../../avr/lib/avr5/libc.a(vfprintf_std.o)
                0x00000000000005f2                vfprintf
 .text.avr-libc
                0x00000000000009a2       0x16 /usr/local/Cellar/avr-gcc@9/9.3.0_2/lib/avr-gcc/9/gcc/avr/9.3.0/../../../../../../avr/lib/avr5/libc.a(strnlen_P.o)
                0x00000000000009a2                strnlen_P
 .text.avr-libc
                0x00000000000009b8       0x16 /usr/local/Cellar/avr-gcc@9/9.3.0_2/lib/avr-gcc/9/gcc/avr/9.3.0/../../../../../../avr/lib/avr5/libc.a(strnlen.o)
                0x00000000000009b8                strnlen
 .text.avr-libc
                0x00000000000009ce       0x60 /usr/local/Cellar/avr-gcc@9/9.3.0_2/lib/avr-gcc/9/gcc/avr/9.3.0/../../../../../../avr/lib/avr5/libc.a(fputc.o)
                0x00000000000009ce                fputc
 .text.avr-libc
                0x0000000000000a2e       0xbc /usr/local/Cellar/avr-gcc@9/9.3.0_2/lib/avr-gcc/9/gcc/avr/9.3.0/../../../../../../avr/lib/avr5/libc.a(ultoa_invert.o)
                0x0000000000000a2e                __ultoa_invert
 .text.libgcc.mul
                0x0000000000000aea        0x0 /usr/local/Cellar/avr-gcc@9/9.3.0_2/lib/avr-gcc/9/gcc/avr/9.3.0/avr5/libgcc.a(_prologue.o)
 .text.libgcc.div
                0x0000000000000aea        0x0 /usr/local/Cellar/avr-gcc@9/9.3.0_2/lib/avr-gcc/9/gcc/avr/9.3.0/avr5/libgcc.a(_prologue.o)
 .text.libgcc   0x0000000000000aea        0x0 /usr/local/Cellar/avr-gcc@9/9.3.0_2/lib/avr-gcc/9/gcc/avr/9.3.0/avr5/libgcc.a(_prologue.o)
 .text.libgcc.prologue
                0x0000000000000aea       0x38 /usr/local/Cellar/avr-gcc@9/9.3.0_2/lib/avr-gcc/9/gcc/avr/9.3.0/avr5/libgcc.a(_prologue.o)
                0x0000000000000aea                __prologue_saves__
 .text.libgcc.builtins
                0x0000000000000b22        0x0 /usr/local/Cellar/avr-gcc@9/9.3.0_2/lib/avr-gcc/9/gcc/avr/9.3.0/avr5/libgcc.a(_prologue.o)
 .text.libgcc.fmul
                0x0000000000000b22        0x0 /usr/local/Cellar/avr-gcc@9/9.3.0_2/lib/avr-gcc/9/gcc/avr/9.3.0/avr5/libgcc.a(_prologue.o)
 .text.libgcc.fixed
                0x0000000000000b22        0x0 /usr/local/Cellar/avr-gcc@9/9.3.0_2/lib/avr-gcc/9/gcc/avr/9.3.0/avr5/libgcc.a(_prologue.o)
 .text.libgcc.mul
                0x0000000000000b22        0x0 /usr/local/Cellar/avr-gcc@9/9.3.0_2/lib/avr-gcc/9/gcc/avr/9.3.0/avr5/libgcc.a(_epilogue.o)
 .text.libgcc.div
                0x0000000000000b22        0x0 /usr/local/Cellar/avr-gcc@9/9.3.0_2/lib/avr-gcc/9/gcc/avr/9.3.0/avr5/libgcc.a(_epilogue.o)
 .text.libgcc   0x0000000000000b22        0x0 /usr/local/Cellar/avr-gcc@9/9.3.0_2/lib/avr-gcc/9/gcc/avr/9.3.0/avr5/libgcc.a(_epilogue.o)
 .text.libgcc.prologue
                0x0000000000000b22       0x36 /usr/local/Cellar/avr-gcc@9/9.3.0_2/lib/avr-gcc/9/gcc/avr/9.3.0/avr5/libgcc.a(_epilogue.o)
                0x0000000000000b22                __epilogue_restores__
 .text.libgcc.builtins
                0x0000000000000b58        0x0 /usr/local/Cellar/avr-gcc@9/9.3.0_2/lib/avr-gcc/9/gcc/avr/9.3.0/avr5/libgcc.a(_epilogue.o)
 .text.libgcc.fmul
                0x0000000000000b58        0x0 /usr/local/Cellar/avr-gcc@9/9.3.0_2/lib/avr-gcc/9/gcc/avr/9.3.0/avr5/libgcc.a(_epilogue.o)
 .text.libgcc.fixed
                0x0000000000000b58        0x0 /usr/local/Cellar/avr-gcc@9/9.3.0_2/lib/avr-gcc/9/gcc/avr/9.3.0/avr5/libgcc.a(_epilogue.o)
                0x0000000000000b58                . = ALIGN (0x2)
 *(.fini9)
 .fini9         0x0000000000000b58        0x0 /usr/local/Cellar/avr-gcc@9/9.3.0_2/lib/avr-gcc/9/gcc/avr/9.3.0/avr5/libgcc.a(_exit.o)
                0x0000000000000b58                exit
                0x0000000000000b58                _exit
 *(.fini9)
 *(.fini8)
 *(.fini8)
 *(.fini7)
 *(.fini7)
 *(.fini6)
 *(.fini6)
 *(.fini5)
 *(.fini5)
 *(.fini4)
 *(.fini4)
 *(.fini3)
 *(.fini3)
 *(.fini2)
 *(.fini2)
 *(.fini1)
 *(.fini1)
 *(.fini0)
 .fini0         0x0000000000000b58        0x4 /usr/local/Cellar/avr-gcc@9/9.3.0_2/lib/avr-gcc/9/gcc/avr/9.3.0/avr5/libgcc.a(_exit.o)
 *(.fini0)
 *(.hightext)
 *(.hightext*)
 *(.progmemx.*)
                0x0000000000000b5c                . = ALIGN (0x2)
 *(.jumptables)
 *(.jumptables*)
 .jumptables.gcc.set_sth
                0x0000000000000b5c       0x20 ./main.o
                0x0000000000000b7c                _etext = .

.data           0x0000000000800060       0x4e load address 0x0000000000000b7c
                0x0000000000800060                PROVIDE (__data_start = .)
 *(.data)
 .data          0x0000000000800060        0x0 /usr/local/Cellar/avr-gcc@9/9.3.0_2/lib/avr-gcc/9/gcc/avr/9.3.0/../../../../../../avr/lib/avr5/crtatmega32.o
 .data          0x0000000000800060        0x0 ./main.o
 .data          0x0000000000800060        0x0 /usr/local/Cellar/avr-gcc@9/9.3.0_2/lib/avr-gcc/9/gcc/avr/9.3.0/avr5/libgcc.a(_exit.o)
 .data          0x0000000000800060        0x0 /usr/local/Cellar/avr-gcc@9/9.3.0_2/lib/avr-gcc/9/gcc/avr/9.3.0/avr5/libgcc.a(_tablejump2.o)
 .data          0x0000000000800060        0x0 /usr/local/Cellar/avr-gcc@9/9.3.0_2/lib/avr-gcc/9/gcc/avr/9.3.0/avr5/libgcc.a(_copy_data.o)
 .data          0x0000000000800060        0x0 /usr/local/Cellar/avr-gcc@9/9.3.0_2/lib/avr-gcc/9/gcc/avr/9.3.0/avr5/libgcc.a(_clear_bss.o)
 .data          0x0000000000800060        0x0 /usr/local/Cellar/avr-gcc@9/9.3.0_2/lib/avr-gcc/9/gcc/avr/9.3.0/../../../../../../avr/lib/avr5/libc.a(strcpy.o)
 .data          0x0000000000800060        0x0 /usr/local/Cellar/avr-gcc@9/9.3.0_2/lib/avr-gcc/9/gcc/avr/9.3.0/../../../../../../avr/lib/avr5/libc.a(sprintf.o)
 .data          0x0000000000800060        0x0 /usr/local/Cellar/avr-gcc@9/9.3.0_2/lib/avr-gcc/9/gcc/avr/9.3.0/../../../../../../avr/lib/avr5/libc.a(vfprintf_std.o)
 .data          0x0000000000800060        0x0 /usr/local/Cellar/avr-gcc@9/9.3.0_2/lib/avr-gcc/9/gcc/avr/9.3.0/../../../../../../avr/lib/avr5/libc.a(strnlen_P.o)
 .data          0x0000000000800060        0x0 /usr/local/Cellar/avr-gcc@9/9.3.0_2/lib/avr-gcc/9/gcc/avr/9.3.0/../../../../../../avr/lib/avr5/libc.a(strnlen.o)
 .data          0x0000000000800060        0x0 /usr/local/Cellar/avr-gcc@9/9.3.0_2/lib/avr-gcc/9/gcc/avr/9.3.0/../../../../../../avr/lib/avr5/libc.a(fputc.o)
 .data          0x0000000000800060        0x0 /usr/local/Cellar/avr-gcc@9/9.3.0_2/lib/avr-gcc/9/gcc/avr/9.3.0/../../../../../../avr/lib/avr5/libc.a(ultoa_invert.o)
 .data          0x0000000000800060        0x0 /usr/local/Cellar/avr-gcc@9/9.3.0_2/lib/avr-gcc/9/gcc/avr/9.3.0/avr5/libgcc.a(_prologue.o)
 .data          0x0000000000800060        0x0 /usr/local/Cellar/avr-gcc@9/9.3.0_2/lib/avr-gcc/9/gcc/avr/9.3.0/avr5/libgcc.a(_epilogue.o)
 *(.data*)
 .data.matrix_chars
                0x0000000000800060       0x10 ./main.o
                0x0000000000800060                matrix_chars
 .data.n_buff   0x0000000000800070        0x2 ./main.o
                0x0000000000800070                n_buff
 *(.gnu.linkonce.d*)
 *(.rodata)
 *(.rodata*)
 .rodata.set_time.str1.1
                0x0000000000800072        0x9 ./main.o
                                         0x10 (size before relaxing)
 .rodata.zadanie_3.str1.1
                0x000000000080007b       0x11 ./main.o
 .rodata.convert.str1.1
                0x000000000080008c       0x12 ./main.o
 .rodata.plot.str1.1
                0x000000000080009e        0xc ./main.o
                                          0xe (size before relaxing)
 .rodata.CSWTCH.52
                0x00000000008000aa        0x4 ./main.o
 *(.gnu.linkonce.r*)
                0x00000000008000ae                . = ALIGN (0x2)
                0x00000000008000ae                _edata = .
                0x00000000008000ae                PROVIDE (__data_end = .)

.bss            0x00000000008000ae       0x16
                0x00000000008000ae                PROVIDE (__bss_start = .)
 *(.bss)
 .bss           0x00000000008000ae        0x0 /usr/local/Cellar/avr-gcc@9/9.3.0_2/lib/avr-gcc/9/gcc/avr/9.3.0/../../../../../../avr/lib/avr5/crtatmega32.o
 .bss           0x00000000008000ae        0x0 ./main.o
 .bss           0x00000000008000ae        0x0 /usr/local/Cellar/avr-gcc@9/9.3.0_2/lib/avr-gcc/9/gcc/avr/9.3.0/avr5/libgcc.a(_exit.o)
 .bss           0x00000000008000ae        0x0 /usr/local/Cellar/avr-gcc@9/9.3.0_2/lib/avr-gcc/9/gcc/avr/9.3.0/avr5/libgcc.a(_tablejump2.o)
 .bss           0x00000000008000ae        0x0 /usr/local/Cellar/avr-gcc@9/9.3.0_2/lib/avr-gcc/9/gcc/avr/9.3.0/avr5/libgcc.a(_copy_data.o)
 .bss           0x00000000008000ae        0x0 /usr/local/Cellar/avr-gcc@9/9.3.0_2/lib/avr-gcc/9/gcc/avr/9.3.0/avr5/libgcc.a(_clear_bss.o)
 .bss           0x00000000008000ae        0x0 /usr/local/Cellar/avr-gcc@9/9.3.0_2/lib/avr-gcc/9/gcc/avr/9.3.0/../../../../../../avr/lib/avr5/libc.a(strcpy.o)
 .bss           0x00000000008000ae        0x0 /usr/local/Cellar/avr-gcc@9/9.3.0_2/lib/avr-gcc/9/gcc/avr/9.3.0/../../../../../../avr/lib/avr5/libc.a(sprintf.o)
 .bss           0x00000000008000ae        0x0 /usr/local/Cellar/avr-gcc@9/9.3.0_2/lib/avr-gcc/9/gcc/avr/9.3.0/../../../../../../avr/lib/avr5/libc.a(vfprintf_std.o)
 .bss           0x00000000008000ae        0x0 /usr/local/Cellar/avr-gcc@9/9.3.0_2/lib/avr-gcc/9/gcc/avr/9.3.0/../../../../../../avr/lib/avr5/libc.a(strnlen_P.o)
 .bss           0x00000000008000ae        0x0 /usr/local/Cellar/avr-gcc@9/9.3.0_2/lib/avr-gcc/9/gcc/avr/9.3.0/../../../../../../avr/lib/avr5/libc.a(strnlen.o)
 .bss           0x00000000008000ae        0x0 /usr/local/Cellar/avr-gcc@9/9.3.0_2/lib/avr-gcc/9/gcc/avr/9.3.0/../../../../../../avr/lib/avr5/libc.a(fputc.o)
 .bss           0x00000000008000ae        0x0 /usr/local/Cellar/avr-gcc@9/9.3.0_2/lib/avr-gcc/9/gcc/avr/9.3.0/../../../../../../avr/lib/avr5/libc.a(ultoa_invert.o)
 .bss           0x00000000008000ae        0x0 /usr/local/Cellar/avr-gcc@9/9.3.0_2/lib/avr-gcc/9/gcc/avr/9.3.0/avr5/libgcc.a(_prologue.o)
 .bss           0x00000000008000ae        0x0 /usr/local/Cellar/avr-gcc@9/9.3.0_2/lib/avr-gcc/9/gcc/avr/9.3.0/avr5/libgcc.a(_epilogue.o)
 *(.bss*)
 .bss.h         0x00000000008000ae        0x2 ./main.o
                0x00000000008000ae                h
 .bss.m         0x00000000008000b0        0x2 ./main.o
                0x00000000008000b0                m
 .bss.s         0x00000000008000b2        0x2 ./main.o
                0x00000000008000b2                s
 .bss.ready     0x00000000008000b4        0x2 ./main.o
                0x00000000008000b4                ready
 .bss.operation
                0x00000000008000b6        0x2 ./main.o
                0x00000000008000b6                operation
 .bss.number_2  0x00000000008000b8        0x2 ./main.o
                0x00000000008000b8                number_2
 .bss.number_1  0x00000000008000ba        0x2 ./main.o
                0x00000000008000ba                number_1
 *(COMMON)
 COMMON         0x00000000008000bc        0x8 ./main.o
                0x00000000008000bc                buff
                0x00000000008000c4                PROVIDE (__bss_end = .)
                0x0000000000000b7c                __data_load_start = LOADADDR (.data)
                0x0000000000000bca                __data_load_end = (__data_load_start + SIZEOF (.data))

.noinit         0x00000000008000c4        0x0
                [!provide]                        PROVIDE (__noinit_start = .)
 *(.noinit*)
                [!provide]                        PROVIDE (__noinit_end = .)
                0x00000000008000c4                _end = .
                [!provide]                        PROVIDE (__heap_start = .)

.eeprom         0x0000000000810000        0x0
 *(.eeprom*)
                0x0000000000810000                __eeprom_end = .

.fuse
 *(.fuse)
 *(.lfuse)
 *(.hfuse)
 *(.efuse)

.lock
 *(.lock*)

.signature
 *(.signature*)

.stab
 *(.stab)

.stabstr
 *(.stabstr)

.stab.excl
 *(.stab.excl)

.stab.exclstr
 *(.stab.exclstr)

.stab.index
 *(.stab.index)

.stab.indexstr
 *(.stab.indexstr)

.comment        0x0000000000000000       0x26
 *(.comment)
 .comment       0x0000000000000000       0x26 ./main.o
                                         0x27 (size before relaxing)
 .comment       0x0000000000000026       0x27 /usr/local/Cellar/avr-gcc@9/9.3.0_2/lib/avr-gcc/9/gcc/avr/9.3.0/../../../../../../avr/lib/avr5/libc.a(sprintf.o)
 .comment       0x0000000000000026       0x27 /usr/local/Cellar/avr-gcc@9/9.3.0_2/lib/avr-gcc/9/gcc/avr/9.3.0/../../../../../../avr/lib/avr5/libc.a(vfprintf_std.o)
 .comment       0x0000000000000026       0x27 /usr/local/Cellar/avr-gcc@9/9.3.0_2/lib/avr-gcc/9/gcc/avr/9.3.0/../../../../../../avr/lib/avr5/libc.a(fputc.o)

.note.gnu.avr.deviceinfo
                0x0000000000000000       0x3c
 .note.gnu.avr.deviceinfo
                0x0000000000000000       0x3c /usr/local/Cellar/avr-gcc@9/9.3.0_2/lib/avr-gcc/9/gcc/avr/9.3.0/../../../../../../avr/lib/avr5/crtatmega32.o

.note.gnu.build-id
 *(.note.gnu.build-id)

.debug
 *(.debug)

.line
 *(.line)

.debug_srcinfo
 *(.debug_srcinfo)

.debug_sfnames
 *(.debug_sfnames)

.debug_aranges  0x0000000000000000       0xc0
 *(.debug_aranges)
 .debug_aranges
                0x0000000000000000       0x20 /usr/local/Cellar/avr-gcc@9/9.3.0_2/lib/avr-gcc/9/gcc/avr/9.3.0/avr5/libgcc.a(_exit.o)
 .debug_aranges
                0x0000000000000020       0x20 /usr/local/Cellar/avr-gcc@9/9.3.0_2/lib/avr-gcc/9/gcc/avr/9.3.0/avr5/libgcc.a(_tablejump2.o)
 .debug_aranges
                0x0000000000000040       0x20 /usr/local/Cellar/avr-gcc@9/9.3.0_2/lib/avr-gcc/9/gcc/avr/9.3.0/avr5/libgcc.a(_copy_data.o)
 .debug_aranges
                0x0000000000000060       0x20 /usr/local/Cellar/avr-gcc@9/9.3.0_2/lib/avr-gcc/9/gcc/avr/9.3.0/avr5/libgcc.a(_clear_bss.o)
 .debug_aranges
                0x0000000000000080       0x20 /usr/local/Cellar/avr-gcc@9/9.3.0_2/lib/avr-gcc/9/gcc/avr/9.3.0/avr5/libgcc.a(_prologue.o)
 .debug_aranges
                0x00000000000000a0       0x20 /usr/local/Cellar/avr-gcc@9/9.3.0_2/lib/avr-gcc/9/gcc/avr/9.3.0/avr5/libgcc.a(_epilogue.o)

.debug_pubnames
 *(.debug_pubnames)

.debug_info     0x0000000000000000      0x5ca
 *(.debug_info .gnu.linkonce.wi.*)
 .debug_info    0x0000000000000000      0x4e6 /usr/local/Cellar/avr-gcc@9/9.3.0_2/lib/avr-gcc/9/gcc/avr/9.3.0/../../../../../../avr/lib/avr5/crtatmega32.o
 .debug_info    0x00000000000004e6       0x26 /usr/local/Cellar/avr-gcc@9/9.3.0_2/lib/avr-gcc/9/gcc/avr/9.3.0/avr5/libgcc.a(_exit.o)
 .debug_info    0x000000000000050c       0x26 /usr/local/Cellar/avr-gcc@9/9.3.0_2/lib/avr-gcc/9/gcc/avr/9.3.0/avr5/libgcc.a(_tablejump2.o)
 .debug_info    0x0000000000000532       0x26 /usr/local/Cellar/avr-gcc@9/9.3.0_2/lib/avr-gcc/9/gcc/avr/9.3.0/avr5/libgcc.a(_copy_data.o)
 .debug_info    0x0000000000000558       0x26 /usr/local/Cellar/avr-gcc@9/9.3.0_2/lib/avr-gcc/9/gcc/avr/9.3.0/avr5/libgcc.a(_clear_bss.o)
 .debug_info    0x000000000000057e       0x26 /usr/local/Cellar/avr-gcc@9/9.3.0_2/lib/avr-gcc/9/gcc/avr/9.3.0/avr5/libgcc.a(_prologue.o)
 .debug_info    0x00000000000005a4       0x26 /usr/local/Cellar/avr-gcc@9/9.3.0_2/lib/avr-gcc/9/gcc/avr/9.3.0/avr5/libgcc.a(_epilogue.o)

.debug_abbrev   0x0000000000000000      0x51b
 *(.debug_abbrev)
 .debug_abbrev  0x0000000000000000      0x4a3 /usr/local/Cellar/avr-gcc@9/9.3.0_2/lib/avr-gcc/9/gcc/avr/9.3.0/../../../../../../avr/lib/avr5/crtatmega32.o
 .debug_abbrev  0x00000000000004a3       0x14 /usr/local/Cellar/avr-gcc@9/9.3.0_2/lib/avr-gcc/9/gcc/avr/9.3.0/avr5/libgcc.a(_exit.o)
 .debug_abbrev  0x00000000000004b7       0x14 /usr/local/Cellar/avr-gcc@9/9.3.0_2/lib/avr-gcc/9/gcc/avr/9.3.0/avr5/libgcc.a(_tablejump2.o)
 .debug_abbrev  0x00000000000004cb       0x14 /usr/local/Cellar/avr-gcc@9/9.3.0_2/lib/avr-gcc/9/gcc/avr/9.3.0/avr5/libgcc.a(_copy_data.o)
 .debug_abbrev  0x00000000000004df       0x14 /usr/local/Cellar/avr-gcc@9/9.3.0_2/lib/avr-gcc/9/gcc/avr/9.3.0/avr5/libgcc.a(_clear_bss.o)
 .debug_abbrev  0x00000000000004f3       0x14 /usr/local/Cellar/avr-gcc@9/9.3.0_2/lib/avr-gcc/9/gcc/avr/9.3.0/avr5/libgcc.a(_prologue.o)
 .debug_abbrev  0x0000000000000507       0x14 /usr/local/Cellar/avr-gcc@9/9.3.0_2/lib/avr-gcc/9/gcc/avr/9.3.0/avr5/libgcc.a(_epilogue.o)

.debug_line     0x0000000000000000      0x407
 *(.debug_line .debug_line.* .debug_line_end)
 .debug_line    0x0000000000000000       0x1d /usr/local/Cellar/avr-gcc@9/9.3.0_2/lib/avr-gcc/9/gcc/avr/9.3.0/../../../../../../avr/lib/avr5/crtatmega32.o
 .debug_line    0x000000000000001d       0x61 /usr/local/Cellar/avr-gcc@9/9.3.0_2/lib/avr-gcc/9/gcc/avr/9.3.0/avr5/libgcc.a(_exit.o)
 .debug_line    0x000000000000007e       0x79 /usr/local/Cellar/avr-gcc@9/9.3.0_2/lib/avr-gcc/9/gcc/avr/9.3.0/avr5/libgcc.a(_tablejump2.o)
 .debug_line    0x00000000000000f7       0x97 /usr/local/Cellar/avr-gcc@9/9.3.0_2/lib/avr-gcc/9/gcc/avr/9.3.0/avr5/libgcc.a(_copy_data.o)
 .debug_line    0x000000000000018e       0x85 /usr/local/Cellar/avr-gcc@9/9.3.0_2/lib/avr-gcc/9/gcc/avr/9.3.0/avr5/libgcc.a(_clear_bss.o)
 .debug_line    0x0000000000000213       0xfd /usr/local/Cellar/avr-gcc@9/9.3.0_2/lib/avr-gcc/9/gcc/avr/9.3.0/avr5/libgcc.a(_prologue.o)
 .debug_line    0x0000000000000310       0xf7 /usr/local/Cellar/avr-gcc@9/9.3.0_2/lib/avr-gcc/9/gcc/avr/9.3.0/avr5/libgcc.a(_epilogue.o)

.debug_frame
 *(.debug_frame)

.debug_str      0x0000000000000000      0x21a
 *(.debug_str)
 .debug_str     0x0000000000000000      0x196 /usr/local/Cellar/avr-gcc@9/9.3.0_2/lib/avr-gcc/9/gcc/avr/9.3.0/../../../../../../avr/lib/avr5/crtatmega32.o
 .debug_str     0x0000000000000196       0x84 /usr/local/Cellar/avr-gcc@9/9.3.0_2/lib/avr-gcc/9/gcc/avr/9.3.0/avr5/libgcc.a(_exit.o)
 .debug_str     0x000000000000021a       0x84 /usr/local/Cellar/avr-gcc@9/9.3.0_2/lib/avr-gcc/9/gcc/avr/9.3.0/avr5/libgcc.a(_tablejump2.o)
 .debug_str     0x000000000000021a       0x84 /usr/local/Cellar/avr-gcc@9/9.3.0_2/lib/avr-gcc/9/gcc/avr/9.3.0/avr5/libgcc.a(_copy_data.o)
 .debug_str     0x000000000000021a       0x84 /usr/local/Cellar/avr-gcc@9/9.3.0_2/lib/avr-gcc/9/gcc/avr/9.3.0/avr5/libgcc.a(_clear_bss.o)
 .debug_str     0x000000000000021a       0x84 /usr/local/Cellar/avr-gcc@9/9.3.0_2/lib/avr-gcc/9/gcc/avr/9.3.0/avr5/libgcc.a(_prologue.o)
 .debug_str     0x000000000000021a       0x84 /usr/local/Cellar/avr-gcc@9/9.3.0_2/lib/avr-gcc/9/gcc/avr/9.3.0/avr5/libgcc.a(_epilogue.o)

.debug_loc
 *(.debug_loc)

.debug_macinfo
 *(.debug_macinfo)

.debug_weaknames
 *(.debug_weaknames)

.debug_funcnames
 *(.debug_funcnames)

.debug_typenames
 *(.debug_typenames)

.debug_varnames
 *(.debug_varnames)

.debug_pubtypes
 *(.debug_pubtypes)

.debug_ranges
 *(.debug_ranges)

.debug_macro
 *(.debug_macro)

.debug_addr
 *(.debug_addr)
OUTPUT(LB1.3.elf elf32-avr)
LOAD linker stubs
